[0.011s][info][gc,heap] Heap region size: 1M
[0.014s][info][gc     ] Using G1
[0.015s][info][gc,heap,coops] Heap address: 0x00000006a8800000, size: 5496 MB, Compressed Oops mode: Zero based, Oop shift amount: 3
[0.197s][info][gc,start     ] GC(0) Pause Young (Normal) (G1 Evacuation Pause)
[0.199s][info][gc,task      ] GC(0) Using 2 workers of 5 for evacuation
[0.203s][info][gc,phases    ] GC(0)   Pre Evacuate Collection Set: 0.0ms
[0.204s][info][gc,phases    ] GC(0)   Evacuate Collection Set: 2.5ms
[0.205s][info][gc,phases    ] GC(0)   Post Evacuate Collection Set: 0.7ms
[0.206s][info][gc,phases    ] GC(0)   Other: 2.6ms
[0.206s][info][gc,heap      ] GC(0) Eden regions: 14->0(72)
[0.207s][info][gc,heap      ] GC(0) Survivor regions: 0->2(2)
[0.208s][info][gc,heap      ] GC(0) Old regions: 0->2
[0.209s][info][gc,heap      ] GC(0) Humongous regions: 2->2
[0.210s][info][gc,metaspace ] GC(0) Metaspace: 11622K->11622K(1060864K)
[0.210s][info][gc           ] GC(0) Pause Young (Normal) (G1 Evacuation Pause) 16M->5M(124M) 12.934ms
[0.211s][info][gc,cpu       ] GC(0) User=0.01s Sys=0.00s Real=0.02s
[0.355s][info][gc,start     ] GC(1) Pause Young (Concurrent Start) (Metadata GC Threshold)
[0.357s][info][gc,task      ] GC(1) Using 5 workers of 5 for evacuation
[0.367s][info][gc,phases    ] GC(1)   Pre Evacuate Collection Set: 0.0ms
[0.368s][info][gc,phases    ] GC(1)   Evacuate Collection Set: 7.9ms
[0.368s][info][gc,phases    ] GC(1)   Post Evacuate Collection Set: 0.5ms
[0.369s][info][gc,phases    ] GC(1)   Other: 2.9ms
[0.369s][info][gc,heap      ] GC(1) Eden regions: 9->0(26)
[0.370s][info][gc,heap      ] GC(1) Survivor regions: 2->5(10)
[0.371s][info][gc,heap      ] GC(1) Old regions: 2->2
[0.372s][info][gc,heap      ] GC(1) Humongous regions: 2->2
[0.372s][info][gc,metaspace ] GC(1) Metaspace: 20671K->20671K(1069056K)
[0.373s][info][gc           ] GC(1) Pause Young (Concurrent Start) (Metadata GC Threshold) 13M->7M(124M) 17.889ms
[0.374s][info][gc,cpu       ] GC(1) User=0.03s Sys=0.00s Real=0.02s
[0.375s][info][gc           ] GC(2) Concurrent Cycle
[0.376s][info][gc,marking   ] GC(2) Concurrent Clear Claimed Marks
[0.377s][info][gc,marking   ] GC(2) Concurrent Clear Claimed Marks 1.236ms
[0.378s][info][gc,marking   ] GC(2) Concurrent Scan Root Regions
[0.380s][info][gc,marking   ] GC(2) Concurrent Scan Root Regions 1.989ms
[0.381s][info][gc,marking   ] GC(2) Concurrent Mark (0.381s)
[0.382s][info][gc,marking   ] GC(2) Concurrent Mark From Roots
[0.383s][info][gc,task      ] GC(2) Using 1 workers of 1 for marking
[0.384s][info][gc,marking   ] GC(2) Concurrent Mark From Roots 2.035ms
[0.386s][info][gc,marking   ] GC(2) Concurrent Preclean
[0.387s][info][gc,marking   ] GC(2) Concurrent Preclean 0.832ms
[0.388s][info][gc,marking   ] GC(2) Concurrent Mark (0.381s, 0.388s) 7.377ms
[0.389s][info][gc,start     ] GC(2) Pause Remark
[0.398s][info][gc,stringtable] GC(2) Cleaned string and symbol table, strings: 7352 processed, 1 removed, symbols: 71739 processed, 31 removed
[0.399s][info][gc            ] GC(2) Pause Remark 8M->8M(124M) 9.498ms
[0.400s][info][gc,cpu        ] GC(2) User=0.03s Sys=0.00s Real=0.01s
[0.401s][info][gc,marking    ] GC(2) Concurrent Rebuild Remembered Sets
[0.402s][info][gc,marking    ] GC(2) Concurrent Rebuild Remembered Sets 1.630ms
[0.404s][info][gc,start      ] GC(2) Pause Cleanup
[0.404s][info][gc            ] GC(2) Pause Cleanup 9M->9M(124M) 0.778ms
[0.405s][info][gc,cpu        ] GC(2) User=0.00s Sys=0.00s Real=0.00s
[0.405s][info][gc,marking    ] GC(2) Concurrent Cleanup for Next Mark
[0.406s][info][gc,marking    ] GC(2) Concurrent Cleanup for Next Mark 0.829ms
[0.407s][info][gc            ] GC(2) Concurrent Cycle 32.225ms
[0.503s][info][gc,start      ] GC(3) Pause Young (Normal) (G1 Evacuation Pause)
[0.504s][info][gc,task       ] GC(3) Using 5 workers of 5 for evacuation
[0.512s][info][gc,phases     ] GC(3)   Pre Evacuate Collection Set: 0.0ms
[0.513s][info][gc,phases     ] GC(3)   Evacuate Collection Set: 6.2ms
[0.514s][info][gc,phases     ] GC(3)   Post Evacuate Collection Set: 0.4ms
[0.515s][info][gc,phases     ] GC(3)   Other: 2.2ms
[0.516s][info][gc,heap       ] GC(3) Eden regions: 26->0(38)
[0.517s][info][gc,heap       ] GC(3) Survivor regions: 5->4(4)
[0.517s][info][gc,heap       ] GC(3) Old regions: 2->11
[0.518s][info][gc,heap       ] GC(3) Humongous regions: 2->2
[0.519s][info][gc,metaspace  ] GC(3) Metaspace: 21663K->21663K(1069056K)
[0.520s][info][gc            ] GC(3) Pause Young (Normal) (G1 Evacuation Pause) 33M->16M(124M) 16.514ms
[0.520s][info][gc,cpu        ] GC(3) User=0.02s Sys=0.01s Real=0.02s
[0.645s][info][gc,start      ] GC(4) Pause Young (Normal) (G1 Evacuation Pause)
[0.646s][info][gc,task       ] GC(4) Using 5 workers of 5 for evacuation
[0.652s][info][gc,phases     ] GC(4)   Pre Evacuate Collection Set: 0.0ms
[0.653s][info][gc,phases     ] GC(4)   Evacuate Collection Set: 3.8ms
[0.654s][info][gc,phases     ] GC(4)   Post Evacuate Collection Set: 0.5ms
[0.655s][info][gc,phases     ] GC(4)   Other: 2.6ms
[0.656s][info][gc,heap       ] GC(4) Eden regions: 7->0(32)
[0.657s][info][gc,heap       ] GC(4) Survivor regions: 4->2(2)
[0.658s][info][gc,heap       ] GC(4) Old regions: 11->15
[0.658s][info][gc,heap       ] GC(4) Humongous regions: 2->2
[0.659s][info][gc,metaspace  ] GC(4) Metaspace: 24419K->24419K(1071104K)
[0.660s][info][gc            ] GC(4) Pause Young (Normal) (G1 Evacuation Pause) 23M->18M(124M) 14.352ms
[0.660s][info][gc,cpu        ] GC(4) User=0.02s Sys=0.00s Real=0.02s
[0.801s][info][gc,heap,exit  ] Heap
[0.802s][info][gc,heap,exit  ]  garbage-first heap   total 126976K, used 29368K [0x00000006a8800000, 0x0000000800000000)
[0.803s][info][gc,heap,exit  ]   region size 1024K, 13 young (13312K), 2 survivors (2048K)
[0.803s][info][gc,heap,exit  ]  Metaspace       used 29077K, capacity 30080K, committed 30336K, reserved 1077248K
[0.804s][info][gc,heap,exit  ]   class space    used 2944K, capacity 3391K, committed 3456K, reserved 1048576K
