[0.007s][info][gc,heap] Heap region size: 1M
[0.010s][info][gc     ] Using G1
[0.011s][info][gc,heap,coops] Heap address: 0x00000006a8800000, size: 5496 MB, Compressed Oops mode: Zero based, Oop shift amount: 3
[0.196s][info][gc,start     ] GC(0) Pause Young (Normal) (G1 Evacuation Pause)
[0.197s][info][gc,task      ] GC(0) Using 2 workers of 5 for evacuation
[0.201s][info][gc,phases    ] GC(0)   Pre Evacuate Collection Set: 0.0ms
[0.202s][info][gc,phases    ] GC(0)   Evacuate Collection Set: 2.8ms
[0.203s][info][gc,phases    ] GC(0)   Post Evacuate Collection Set: 0.4ms
[0.204s][info][gc,phases    ] GC(0)   Other: 1.8ms
[0.204s][info][gc,heap      ] GC(0) Eden regions: 14->0(72)
[0.205s][info][gc,heap      ] GC(0) Survivor regions: 0->2(2)
[0.206s][info][gc,heap      ] GC(0) Old regions: 0->2
[0.207s][info][gc,heap      ] GC(0) Humongous regions: 2->2
[0.207s][info][gc,metaspace ] GC(0) Metaspace: 11591K->11591K(1060864K)
[0.208s][info][gc           ] GC(0) Pause Young (Normal) (G1 Evacuation Pause) 16M->5M(124M) 11.955ms
[0.209s][info][gc,cpu       ] GC(0) User=0.01s Sys=0.00s Real=0.01s
[0.350s][info][gc,start     ] GC(1) Pause Young (Concurrent Start) (Metadata GC Threshold)
[0.351s][info][gc,task      ] GC(1) Using 5 workers of 5 for evacuation
[0.356s][info][gc,phases    ] GC(1)   Pre Evacuate Collection Set: 0.0ms
[0.357s][info][gc,phases    ] GC(1)   Evacuate Collection Set: 3.3ms
[0.357s][info][gc,phases    ] GC(1)   Post Evacuate Collection Set: 0.4ms
[0.358s][info][gc,phases    ] GC(1)   Other: 2.4ms
[0.358s][info][gc,heap      ] GC(1) Eden regions: 10->0(27)
[0.359s][info][gc,heap      ] GC(1) Survivor regions: 2->5(10)
[0.359s][info][gc,heap      ] GC(1) Old regions: 2->2
[0.360s][info][gc,heap      ] GC(1) Humongous regions: 2->2
[0.361s][info][gc,metaspace ] GC(1) Metaspace: 20726K->20726K(1069056K)
[0.362s][info][gc           ] GC(1) Pause Young (Concurrent Start) (Metadata GC Threshold) 14M->7M(124M) 11.766ms
[0.362s][info][gc,cpu       ] GC(1) User=0.01s Sys=0.00s Real=0.01s
[0.363s][info][gc           ] GC(2) Concurrent Cycle
[0.364s][info][gc,marking   ] GC(2) Concurrent Clear Claimed Marks
[0.365s][info][gc,marking   ] GC(2) Concurrent Clear Claimed Marks 0.940ms
[0.366s][info][gc,marking   ] GC(2) Concurrent Scan Root Regions
[0.368s][info][gc,marking   ] GC(2) Concurrent Scan Root Regions 2.653ms
[0.369s][info][gc,marking   ] GC(2) Concurrent Mark (0.369s)
[0.370s][info][gc,marking   ] GC(2) Concurrent Mark From Roots
[0.371s][info][gc,task      ] GC(2) Using 1 workers of 1 for marking
[0.372s][info][gc,marking   ] GC(2) Concurrent Mark From Roots 2.193ms
[0.373s][info][gc,marking   ] GC(2) Concurrent Preclean
[0.373s][info][gc,marking   ] GC(2) Concurrent Preclean 0.494ms
[0.374s][info][gc,marking   ] GC(2) Concurrent Mark (0.369s, 0.374s) 4.751ms
[0.377s][info][gc,start     ] GC(2) Pause Remark
[0.378s][info][gc,stringtable] GC(2) Cleaned string and symbol table, strings: 7385 processed, 0 removed, symbols: 71851 processed, 31 removed
[0.380s][info][gc            ] GC(2) Pause Remark 9M->9M(124M) 3.321ms
[0.381s][info][gc,cpu        ] GC(2) User=0.01s Sys=0.00s Real=0.00s
[0.382s][info][gc,marking    ] GC(2) Concurrent Rebuild Remembered Sets
[0.385s][info][gc,marking    ] GC(2) Concurrent Rebuild Remembered Sets 2.977ms
[0.388s][info][gc,start      ] GC(2) Pause Cleanup
[0.389s][info][gc            ] GC(2) Pause Cleanup 9M->9M(124M) 1.064ms
[0.390s][info][gc,cpu        ] GC(2) User=0.01s Sys=0.00s Real=0.00s
[0.391s][info][gc,marking    ] GC(2) Concurrent Cleanup for Next Mark
[0.392s][info][gc,marking    ] GC(2) Concurrent Cleanup for Next Mark 1.135ms
[0.393s][info][gc            ] GC(2) Concurrent Cycle 30.077ms
[0.506s][info][gc,start      ] GC(3) Pause Young (Normal) (G1 Evacuation Pause)
[0.507s][info][gc,task       ] GC(3) Using 5 workers of 5 for evacuation
[0.517s][info][gc,phases     ] GC(3)   Pre Evacuate Collection Set: 0.0ms
[0.518s][info][gc,phases     ] GC(3)   Evacuate Collection Set: 8.1ms
[0.519s][info][gc,phases     ] GC(3)   Post Evacuate Collection Set: 0.6ms
[0.520s][info][gc,phases     ] GC(3)   Other: 2.3ms
[0.521s][info][gc,heap       ] GC(3) Eden regions: 27->0(32)
[0.522s][info][gc,heap       ] GC(3) Survivor regions: 5->4(4)
[0.523s][info][gc,heap       ] GC(3) Old regions: 2->12
[0.524s][info][gc,heap       ] GC(3) Humongous regions: 2->2
[0.524s][info][gc,metaspace  ] GC(3) Metaspace: 21681K->21681K(1069056K)
[0.525s][info][gc            ] GC(3) Pause Young (Normal) (G1 Evacuation Pause) 34M->17M(124M) 19.325ms
[0.526s][info][gc,cpu        ] GC(3) User=0.02s Sys=0.01s Real=0.02s
[0.642s][info][gc,start      ] GC(4) Pause Young (Normal) (G1 Evacuation Pause)
[0.643s][info][gc,task       ] GC(4) Using 5 workers of 5 for evacuation
[0.648s][info][gc,phases     ] GC(4)   Pre Evacuate Collection Set: 0.0ms
[0.649s][info][gc,phases     ] GC(4)   Evacuate Collection Set: 3.2ms
[0.649s][info][gc,phases     ] GC(4)   Post Evacuate Collection Set: 0.4ms
[0.650s][info][gc,phases     ] GC(4)   Other: 2.2ms
[0.651s][info][gc,heap       ] GC(4) Eden regions: 5->0(32)
[0.652s][info][gc,heap       ] GC(4) Survivor regions: 4->2(2)
[0.652s][info][gc,heap       ] GC(4) Old regions: 12->16
[0.653s][info][gc,heap       ] GC(4) Humongous regions: 2->2
[0.653s][info][gc,metaspace  ] GC(4) Metaspace: 24506K->24506K(1073152K)
[0.654s][info][gc            ] GC(4) Pause Young (Normal) (G1 Evacuation Pause) 22M->18M(124M) 11.905ms
[0.655s][info][gc,cpu        ] GC(4) User=0.01s Sys=0.01s Real=0.02s
[0.787s][info][gc,heap,exit  ] Heap
[0.787s][info][gc,heap,exit  ]  garbage-first heap   total 126976K, used 27325K [0x00000006a8800000, 0x0000000800000000)
[0.788s][info][gc,heap,exit  ]   region size 1024K, 12 young (12288K), 2 survivors (2048K)
[0.789s][info][gc,heap,exit  ]  Metaspace       used 29089K, capacity 30079K, committed 30336K, reserved 1077248K
[0.790s][info][gc,heap,exit  ]   class space    used 2945K, capacity 3391K, committed 3456K, reserved 1048576K
